------------------------------------------------------------
Timing Analyzer Summary
------------------------------------------------------------

Type  : Slow 1100mV 85C Model Setup 'clk'
Slack : 0.984
TNS   : 0.000

Type  : Slow 1100mV 85C Model Hold 'clk'
Slack : 0.220
TNS   : 0.000

Type  : Slow 1100mV 85C Model Minimum Pulse Width 'clk'
Slack : 3.850
TNS   : 0.000

Type  : Slow 1100mV 0C Model Setup 'clk'
Slack : 0.884
TNS   : 0.000

Type  : Slow 1100mV 0C Model Hold 'clk'
Slack : 0.156
TNS   : 0.000

Type  : Slow 1100mV 0C Model Minimum Pulse Width 'clk'
Slack : 3.804
TNS   : 0.000

Type  : Fast 1100mV 85C Model Setup 'clk'
Slack : 4.786
TNS   : 0.000

Type  : Fast 1100mV 85C Model Hold 'clk'
Slack : 0.132
TNS   : 0.000

Type  : Fast 1100mV 85C Model Minimum Pulse Width 'clk'
Slack : 3.791
TNS   : 0.000

Type  : Fast 1100mV 0C Model Setup 'clk'
Slack : 5.191
TNS   : 0.000

Type  : Fast 1100mV 0C Model Hold 'clk'
Slack : 0.096
TNS   : 0.000

Type  : Fast 1100mV 0C Model Minimum Pulse Width 'clk'
Slack : 3.781
TNS   : 0.000

------------------------------------------------------------
